Python 3.10.9 (main, Dec 19 2022, 17:35:49) [GCC 12.2.0] on linux
Type "help", "copyright", "credits" or "license" for more information.
>>> 10"[K[K[K"10"
'10'
>>> "10"[K[K[K[Ka"10"[K[K[K[K "10"[K[K[K[K="10"[K[K[K[K "10"
>>> exit9)
  File "<stdin>", line 1
    exit9)
         ^
SyntaxError: unmatched ')'
>>> exit()
